
> fresh-plus-cleaning@0.0.0 build
> next build

   ▲ Next.js 15.5.12

   Creating an optimized production build ...
Failed to compile.

./src/components/Navigation.tsx
Module not found: Can't resolve '/logo.webp'

https://nextjs.org/docs/messages/module-not-found

./src/hooks/useGoogleMapsAutocomplete.ts
Module not found: Can't resolve '@/lib/googleMaps'

https://nextjs.org/docs/messages/module-not-found

Import trace for requested module:
./src/components/forms/AddressAutocomplete.tsx
./src/components/forms/LandingPageForm.tsx

./src/hooks/useRecaptcha.ts
Module not found: Can't resolve '@/lib/recaptcha'

https://nextjs.org/docs/messages/module-not-found

Import trace for requested module:
./src/components/forms/LandingPageForm.tsx

./app/end-of-lease/page.tsx
Module not found: Can't resolve '/logo.webp'

https://nextjs.org/docs/messages/module-not-found

./app/pressure-washing/page.tsx
Module not found: Can't resolve '/logo.webp'

https://nextjs.org/docs/messages/module-not-found


> Build failed because of webpack errors
